mode: set
backend/internal/cache/cache.go:29.36,34.12 2 1
backend/internal/cache/cache.go:34.12,36.22 2 1
backend/internal/cache/cache.go:36.22,39.33 3 0
backend/internal/cache/cache.go:39.33,40.34 1 0
backend/internal/cache/cache.go:40.34,42.6 1 0
backend/internal/cache/cache.go:44.4,44.17 1 0
backend/internal/cache/cache.go:48.2,48.10 1 1
backend/internal/cache/cache.go:51.80,56.12 4 1
backend/internal/cache/cache.go:56.12,58.3 1 1
backend/internal/cache/cache.go:59.2,59.38 1 1
backend/internal/cache/cache.go:59.38,61.3 1 1
backend/internal/cache/cache.go:62.2,62.25 1 1
backend/internal/cache/cache.go:65.98,73.2 3 1
backend/internal/cache/cache.go:75.63,80.2 3 1
backend/internal/cache/cache.go:82.76,86.25 3 1
backend/internal/cache/cache.go:86.25,87.35 1 1
backend/internal/cache/cache.go:87.35,89.4 1 1
backend/internal/dto/auth_dto.go:15.41,17.19 2 1
backend/internal/dto/auth_dto.go:17.19,19.3 1 1
backend/internal/dto/auth_dto.go:20.2,20.22 1 1
backend/internal/dto/auth_dto.go:20.22,22.3 1 1
backend/internal/dto/auth_dto.go:23.2,23.12 1 1
backend/internal/dto/auth_dto.go:30.46,32.21 2 1
backend/internal/dto/auth_dto.go:32.21,34.3 1 1
backend/internal/dto/auth_dto.go:35.2,35.12 1 1
backend/internal/dto/auth_dto.go:60.52,61.18 1 1
backend/internal/dto/auth_dto.go:62.72,63.13 1 1
backend/internal/dto/auth_dto.go:64.10,65.96 1 1
backend/internal/dto/auth_dto.go:73.50,74.16 1 1
backend/internal/dto/auth_dto.go:75.43,76.13 1 1
backend/internal/dto/auth_dto.go:77.10,78.79 1 1
backend/internal/dto/quota_dto.go:15.47,16.25 1 1
backend/internal/dto/quota_dto.go:16.25,18.3 1 1
backend/internal/dto/quota_dto.go:20.2,20.21 1 1
backend/internal/dto/quota_dto.go:21.54,21.54 0 1
backend/internal/dto/quota_dto.go:22.10,23.86 1 1
backend/internal/dto/quota_dto.go:26.2,26.12 1 1
backend/internal/dto/quota_dto.go:56.54,57.66 1 1
backend/internal/dto/quota_dto.go:57.66,59.3 1 1
backend/internal/dto/quota_dto.go:60.2,60.58 1 1
backend/internal/dto/quota_dto.go:60.58,62.3 1 0
backend/internal/dto/quota_dto.go:63.2,63.12 1 1
backend/internal/dto/ticket_dto.go:25.48,30.23 4 1
backend/internal/dto/ticket_dto.go:30.23,32.3 1 1
backend/internal/dto/ticket_dto.go:33.2,33.22 1 1
backend/internal/dto/ticket_dto.go:33.22,35.3 1 1
backend/internal/dto/ticket_dto.go:36.2,36.19 1 1
backend/internal/dto/ticket_dto.go:36.19,38.3 1 1
backend/internal/dto/ticket_dto.go:39.2,39.38 1 1
backend/internal/dto/ticket_dto.go:39.38,41.3 1 1
backend/internal/dto/ticket_dto.go:43.2,43.20 1 1
backend/internal/dto/ticket_dto.go:43.20,45.18 2 1
backend/internal/dto/ticket_dto.go:45.18,47.4 1 1
backend/internal/dto/ticket_dto.go:47.9,49.4 1 1
backend/internal/dto/ticket_dto.go:52.2,52.22 1 1
backend/internal/dto/ticket_dto.go:53.59,53.59 0 1
backend/internal/dto/ticket_dto.go:54.10,55.92 1 1
backend/internal/dto/ticket_dto.go:58.2,58.22 1 1
backend/internal/dto/ticket_dto.go:59.60,59.60 0 1
backend/internal/dto/ticket_dto.go:60.10,61.92 1 1
backend/internal/dto/ticket_dto.go:64.2,64.25 1 1
backend/internal/dto/ticket_dto.go:64.25,65.24 1 1
backend/internal/dto/ticket_dto.go:66.88,66.88 0 0
backend/internal/dto/ticket_dto.go:67.11,68.104 1 1
backend/internal/dto/ticket_dto.go:72.2,72.12 1 1
backend/internal/dto/ticket_dto.go:81.50,85.50 3 1
backend/internal/dto/ticket_dto.go:85.50,87.3 1 1
backend/internal/dto/ticket_dto.go:89.2,89.79 1 1
backend/internal/dto/ticket_dto.go:89.79,91.3 1 1
backend/internal/dto/ticket_dto.go:93.2,93.26 1 1
backend/internal/dto/ticket_dto.go:94.65,94.65 0 1
backend/internal/dto/ticket_dto.go:95.10,96.97 1 1
backend/internal/dto/ticket_dto.go:99.2,99.12 1 1
backend/internal/dto/ticket_dto.go:149.53,150.22 1 1
backend/internal/dto/ticket_dto.go:151.59,151.59 0 1
backend/internal/dto/ticket_dto.go:152.10,153.92 1 1
backend/internal/dto/ticket_dto.go:155.2,155.17 1 1
backend/internal/dto/ticket_dto.go:155.17,157.3 1 1
backend/internal/dto/ticket_dto.go:158.2,158.12 1 1
backend/internal/security/jwt.go:24.28,26.18 2 1
backend/internal/security/jwt.go:26.18,27.67 1 0
backend/internal/security/jwt.go:29.2,29.23 1 1
backend/internal/security/jwt.go:32.45,34.69 2 1
backend/internal/security/jwt.go:34.69,36.3 1 1
backend/internal/security/jwt.go:37.2,37.25 1 1
backend/internal/security/jwt.go:41.68,61.16 6 1
backend/internal/security/jwt.go:61.16,63.3 1 0
backend/internal/security/jwt.go:65.2,65.52 1 1
backend/internal/security/jwt.go:69.63,70.104 1 1
backend/internal/security/jwt.go:70.104,71.58 1 1
backend/internal/security/jwt.go:71.58,73.4 1 0
backend/internal/security/jwt.go:74.3,74.29 1 1
backend/internal/security/jwt.go:77.2,77.48 1 1
backend/internal/security/jwt.go:77.48,79.3 1 1
backend/internal/security/jwt.go:81.2,82.9 2 1
backend/internal/security/jwt.go:82.9,84.3 1 0
backend/internal/security/jwt.go:86.2,86.20 1 1
backend/internal/security/jwt.go:90.45,93.16 3 1
backend/internal/security/jwt.go:93.16,95.3 1 0
backend/internal/security/jwt.go:96.2,96.35 1 1
backend/internal/security/jwt.go:100.40,103.2 2 1
backend/internal/middlewares/auth.go:28.67,31.2 2 1
backend/internal/middlewares/auth.go:34.123,35.46 1 1
backend/internal/middlewares/auth.go:35.46,36.72 1 1
backend/internal/middlewares/auth.go:36.72,38.4 1 1
backend/internal/middlewares/auth.go:42.147,44.20 2 1
backend/internal/middlewares/auth.go:44.20,47.3 2 1
backend/internal/middlewares/auth.go:48.2,48.59 1 1
backend/internal/middlewares/auth.go:51.141,53.14 2 1
backend/internal/middlewares/auth.go:53.14,56.3 2 1
backend/internal/middlewares/auth.go:57.2,57.17 1 1
backend/internal/middlewares/auth.go:57.17,59.3 1 1
backend/internal/middlewares/auth.go:62.165,64.13 2 1
backend/internal/middlewares/auth.go:64.13,65.18 1 1
backend/internal/middlewares/auth.go:65.18,67.4 1 1
backend/internal/middlewares/auth.go:68.3,68.14 1 1
backend/internal/middlewares/auth.go:71.2,72.28 2 1
backend/internal/middlewares/auth.go:72.28,75.3 2 0
backend/internal/middlewares/auth.go:76.2,76.14 1 1
backend/internal/middlewares/auth.go:79.51,80.46 1 1
backend/internal/middlewares/auth.go:80.46,82.3 1 1
backend/internal/middlewares/auth.go:83.2,83.11 1 1
backend/internal/middlewares/auth.go:86.92,87.38 1 1
backend/internal/middlewares/auth.go:87.38,90.3 2 1
backend/internal/middlewares/auth.go:91.2,91.39 1 1
backend/internal/middlewares/auth.go:91.39,94.3 2 1
backend/internal/middlewares/auth.go:95.2,95.13 1 1
backend/internal/middlewares/auth.go:98.95,101.2 2 1
backend/internal/middlewares/auth.go:103.151,105.18 2 1
backend/internal/middlewares/auth.go:105.18,107.3 1 1
backend/internal/middlewares/auth.go:108.2,109.16 2 1
backend/internal/middlewares/auth.go:109.16,111.3 1 0
backend/internal/middlewares/auth.go:112.2,112.38 1 1
backend/internal/middlewares/auth.go:112.38,114.3 1 0
backend/internal/middlewares/auth.go:115.2,115.16 1 1
backend/internal/middlewares/auth.go:118.165,120.33 2 1
backend/internal/middlewares/auth.go:120.33,122.3 1 1
backend/internal/middlewares/auth.go:123.2,124.16 2 1
backend/internal/middlewares/auth.go:124.16,127.3 2 0
backend/internal/middlewares/auth.go:128.2,128.38 1 1
backend/internal/middlewares/auth.go:128.38,130.3 1 1
backend/internal/middlewares/auth.go:131.2,131.16 1 1
backend/internal/middlewares/auth.go:134.166,137.38 3 1
backend/internal/middlewares/auth.go:137.38,140.3 2 1
backend/internal/middlewares/auth.go:142.2,142.55 1 0
backend/internal/middlewares/auth.go:142.55,144.3 1 0
backend/internal/middlewares/auth.go:146.2,149.16 4 0
backend/internal/middlewares/auth.go:149.16,151.3 1 0
backend/internal/middlewares/auth.go:153.2,153.35 1 0
backend/internal/middlewares/auth.go:153.35,156.3 2 0
backend/internal/middlewares/auth.go:158.2,159.16 2 0
backend/internal/middlewares/auth.go:159.16,162.3 2 0
backend/internal/middlewares/auth.go:164.2,164.50 1 0
backend/internal/middlewares/auth.go:164.50,167.3 2 0
backend/internal/middlewares/auth.go:169.2,169.42 1 0
backend/internal/middlewares/auth.go:169.42,172.3 2 0
backend/internal/middlewares/auth.go:174.2,174.19 1 0
backend/internal/middlewares/auth.go:177.110,179.21 2 0
backend/internal/middlewares/auth.go:179.21,181.3 1 0
backend/internal/middlewares/auth.go:183.2,183.21 1 0
backend/internal/middlewares/auth.go:183.21,188.45 4 0
backend/internal/middlewares/auth.go:188.45,191.4 2 0
backend/internal/middlewares/auth.go:193.2,193.13 1 0
backend/internal/middlewares/auth.go:197.98,198.46 1 1
backend/internal/middlewares/auth.go:198.46,199.72 1 1
backend/internal/middlewares/auth.go:199.72,201.23 2 1
backend/internal/middlewares/auth.go:201.23,204.5 2 1
backend/internal/middlewares/auth.go:206.4,206.52 1 1
backend/internal/middlewares/auth.go:206.52,209.5 2 1
backend/internal/middlewares/auth.go:211.4,211.24 1 1
backend/internal/middlewares/rate_limiter.go:28.112,37.12 2 1
backend/internal/middlewares/rate_limiter.go:37.12,39.22 2 1
backend/internal/middlewares/rate_limiter.go:39.22,42.41 3 1
backend/internal/middlewares/rate_limiter.go:42.41,43.79 1 1
backend/internal/middlewares/rate_limiter.go:43.79,45.6 1 1
backend/internal/middlewares/rate_limiter.go:47.4,47.21 1 1
backend/internal/middlewares/rate_limiter.go:51.2,51.14 1 1
backend/internal/middlewares/rate_limiter.go:55.40,56.55 1 1
backend/internal/middlewares/rate_limiter.go:56.55,58.19 2 0
backend/internal/middlewares/rate_limiter.go:58.19,60.4 1 0
backend/internal/middlewares/rate_limiter.go:62.2,62.49 1 1
backend/internal/middlewares/rate_limiter.go:62.49,64.3 1 0
backend/internal/middlewares/rate_limiter.go:65.2,66.16 2 1
backend/internal/middlewares/rate_limiter.go:66.16,68.3 1 0
backend/internal/middlewares/rate_limiter.go:69.2,69.11 1 1
backend/internal/middlewares/rate_limiter.go:75.152,78.46 2 1
backend/internal/middlewares/rate_limiter.go:78.46,79.72 1 1
backend/internal/middlewares/rate_limiter.go:79.72,85.15 5 1
backend/internal/middlewares/rate_limiter.go:85.15,94.5 5 1
backend/internal/middlewares/rate_limiter.go:97.4,97.38 1 1
backend/internal/middlewares/rate_limiter.go:97.38,104.5 5 1
backend/internal/middlewares/rate_limiter.go:107.4,107.43 1 1
backend/internal/middlewares/rate_limiter.go:107.43,114.5 6 0
backend/internal/middlewares/rate_limiter.go:117.4,118.36 2 1
backend/internal/middlewares/rate_limiter.go:118.36,126.5 6 1
backend/internal/middlewares/rate_limiter.go:128.4,129.24 2 1
backend/internal/middlewares/security.go:18.54,21.2 2 1
backend/internal/middlewares/security.go:27.52,28.71 1 1
backend/internal/middlewares/security.go:28.71,35.3 5 1
backend/internal/middlewares/security.go:42.54,43.71 1 1
backend/internal/middlewares/security.go:43.71,53.3 8 1
backend/internal/middlewares/security.go:60.88,61.46 1 1
backend/internal/middlewares/security.go:61.46,62.72 1 1
backend/internal/middlewares/security.go:62.72,63.21 1 1
backend/internal/middlewares/security.go:63.21,65.5 1 1
backend/internal/middlewares/security.go:66.4,66.24 1 1
backend/internal/middlewares/security.go:75.69,76.46 1 1
backend/internal/middlewares/security.go:76.46,77.72 1 1
backend/internal/middlewares/security.go:77.72,78.17 1 1
backend/internal/middlewares/security.go:78.17,79.37 1 1
backend/internal/middlewares/security.go:79.37,85.6 2 1
backend/internal/middlewares/security.go:87.4,87.24 1 1
backend/internal/middlewares/security.go:93.67,94.18 1 1
backend/internal/middlewares/security.go:94.18,96.3 1 0
backend/internal/middlewares/security.go:97.2,98.41 2 1
backend/internal/middlewares/security.go:98.41,99.39 1 1
backend/internal/middlewares/security.go:99.39,101.4 1 1
backend/internal/middlewares/security.go:103.2,103.14 1 1
backend/internal/middlewares/security.go:107.51,109.41 2 1
backend/internal/middlewares/security.go:109.41,111.3 1 1
backend/internal/middlewares/security.go:112.2,112.80 1 1
backend/internal/middlewares/security.go:112.80,114.3 1 0
backend/internal/middlewares/security.go:115.2,115.100 1 1
backend/internal/middlewares/security.go:115.100,117.3 1 0
backend/internal/middlewares/security.go:118.2,118.14 1 1
backend/internal/middlewares/security.go:125.68,126.46 1 1
backend/internal/middlewares/security.go:126.46,127.72 1 1
backend/internal/middlewares/security.go:127.72,129.47 2 1
backend/internal/middlewares/security.go:129.47,132.5 2 1
backend/internal/middlewares/security.go:134.4,137.38 3 1
backend/internal/middlewares/security.go:137.38,140.5 2 1
backend/internal/middlewares/security.go:142.4,142.24 1 1
backend/internal/middlewares/security.go:148.48,149.16 1 1
backend/internal/middlewares/security.go:150.76,151.14 1 1
backend/internal/middlewares/security.go:152.10,153.15 1 0
backend/internal/middlewares/security.go:161.77,162.46 1 1
backend/internal/middlewares/security.go:162.46,163.72 1 1
backend/internal/middlewares/security.go:163.72,164.81 1 1
backend/internal/middlewares/security.go:164.81,167.5 2 1
backend/internal/middlewares/security.go:168.4,168.24 1 1
backend/internal/repository/price_repository.go:21.53,23.2 1 1
backend/internal/repository/price_repository.go:25.118,33.35 4 1
backend/internal/repository/price_repository.go:33.35,35.47 1 1
backend/internal/repository/price_repository.go:35.47,37.4 1 1
backend/internal/repository/price_repository.go:38.3,38.21 1 1
backend/internal/repository/price_repository.go:40.2,40.19 1 1
backend/internal/repository/price_repository.go:43.122,45.16 2 1
backend/internal/repository/price_repository.go:45.16,47.3 1 0
backend/internal/repository/price_repository.go:48.2,52.16 3 1
backend/internal/repository/price_repository.go:52.16,54.3 1 0
backend/internal/repository/price_repository.go:57.2,61.16 2 1
backend/internal/repository/price_repository.go:61.16,63.3 1 0
backend/internal/repository/price_repository.go:65.2,65.20 1 1
backend/internal/repository/price_repository.go:68.114,80.16 4 1
backend/internal/repository/price_repository.go:80.16,82.3 1 0
backend/internal/repository/price_repository.go:83.2,85.18 2 1
backend/internal/repository/price_repository.go:85.18,88.51 3 1
backend/internal/repository/price_repository.go:88.51,90.4 1 1
backend/internal/repository/price_repository.go:93.2,93.35 1 1
backend/internal/repository/price_repository.go:93.35,95.3 1 0
backend/internal/repository/price_repository.go:97.2,97.20 1 1
backend/internal/repository/quota_repository.go:31.53,33.2 1 1
backend/internal/repository/quota_repository.go:35.117,43.35 4 1
backend/internal/repository/quota_repository.go:43.35,46.23 3 0
backend/internal/repository/quota_repository.go:46.23,48.4 1 0
backend/internal/repository/quota_repository.go:49.3,49.150 1 0
backend/internal/repository/quota_repository.go:51.2,51.15 1 1
backend/internal/repository/quota_repository.go:54.108,61.16 4 1
backend/internal/repository/quota_repository.go:61.16,63.3 1 0
backend/internal/repository/quota_repository.go:64.2,64.15 1 1
backend/internal/repository/quota_repository.go:68.170,69.48 1 1
backend/internal/repository/quota_repository.go:69.48,71.3 1 1
backend/internal/repository/quota_repository.go:73.2,73.51 1 1
backend/internal/repository/quota_repository.go:73.51,75.3 1 1
backend/internal/repository/quota_repository.go:78.2,79.16 2 0
backend/internal/repository/quota_repository.go:79.16,81.3 1 0
backend/internal/repository/quota_repository.go:82.2,82.53 1 0
backend/internal/repository/quota_repository.go:85.135,92.35 3 1
backend/internal/repository/quota_repository.go:92.35,95.23 3 0
backend/internal/repository/quota_repository.go:95.23,97.4 1 0
backend/internal/repository/quota_repository.go:98.3,99.17 2 0
backend/internal/repository/quota_repository.go:99.17,101.4 1 0
backend/internal/repository/quota_repository.go:102.3,102.48 1 0
backend/internal/repository/quota_repository.go:103.8,103.23 1 1
backend/internal/repository/quota_repository.go:103.23,105.3 1 0
backend/internal/repository/quota_repository.go:107.2,107.31 1 1
backend/internal/repository/quota_repository.go:107.31,111.17 2 1
backend/internal/repository/quota_repository.go:111.17,113.4 1 0
backend/internal/repository/quota_repository.go:114.3,114.41 1 1
backend/internal/repository/quota_repository.go:117.2,117.49 1 0
backend/internal/repository/quota_repository.go:120.137,127.35 3 1
backend/internal/repository/quota_repository.go:127.35,130.23 3 0
backend/internal/repository/quota_repository.go:130.23,132.4 1 0
backend/internal/repository/quota_repository.go:133.3,137.17 2 0
backend/internal/repository/quota_repository.go:137.17,139.4 1 0
backend/internal/repository/quota_repository.go:140.3,140.42 1 0
backend/internal/repository/quota_repository.go:141.8,141.23 1 1
backend/internal/repository/quota_repository.go:141.23,143.3 1 0
backend/internal/repository/quota_repository.go:145.2,145.29 1 1
backend/internal/repository/quota_repository.go:145.29,149.17 2 1
backend/internal/repository/quota_repository.go:149.17,151.4 1 0
backend/internal/repository/quota_repository.go:152.3,152.38 1 1
backend/internal/repository/quota_repository.go:155.2,155.59 1 0
backend/internal/repository/quota_repository.go:159.138,160.21 1 1
backend/internal/repository/quota_repository.go:161.34,165.13 2 1
backend/internal/repository/quota_repository.go:166.31,170.13 2 0
backend/internal/repository/quota_repository.go:172.2,172.12 1 0
backend/internal/repository/quota_repository.go:175.124,177.16 2 1
backend/internal/repository/quota_repository.go:177.16,179.3 1 0
backend/internal/repository/quota_repository.go:180.2,185.35 4 1
backend/internal/repository/quota_repository.go:185.35,191.3 2 0
backend/internal/repository/quota_repository.go:191.8,195.3 1 1
backend/internal/repository/quota_repository.go:196.2,196.16 1 1
backend/internal/repository/quota_repository.go:196.16,198.3 1 0
backend/internal/repository/quota_repository.go:201.2,205.16 2 1
backend/internal/repository/quota_repository.go:205.16,207.3 1 0
backend/internal/repository/quota_repository.go:209.2,209.20 1 1
backend/internal/repository/quota_repository.go:212.119,214.16 2 1
backend/internal/repository/quota_repository.go:214.16,216.3 1 0
backend/internal/repository/quota_repository.go:217.2,225.16 3 1
backend/internal/repository/quota_repository.go:225.16,227.3 1 0
backend/internal/repository/quota_repository.go:230.2,235.16 2 1
backend/internal/repository/quota_repository.go:235.16,237.3 1 0
backend/internal/repository/quota_repository.go:240.2,244.16 2 1
backend/internal/repository/quota_repository.go:244.16,246.3 1 0
backend/internal/repository/quota_repository.go:248.2,248.20 1 1
backend/internal/repository/quota_repository.go:251.128,253.16 2 1
backend/internal/repository/quota_repository.go:253.16,255.3 1 0
backend/internal/repository/quota_repository.go:256.2,261.35 4 1
backend/internal/repository/quota_repository.go:261.35,269.3 4 0
backend/internal/repository/quota_repository.go:269.8,273.3 1 1
backend/internal/repository/quota_repository.go:274.2,274.16 1 1
backend/internal/repository/quota_repository.go:274.16,276.3 1 0
backend/internal/repository/quota_repository.go:278.2,282.16 2 1
backend/internal/repository/quota_repository.go:282.16,284.3 1 0
backend/internal/repository/quota_repository.go:286.2,286.20 1 1
backend/internal/repository/quota_repository.go:289.115,291.16 2 0
backend/internal/repository/quota_repository.go:291.16,293.3 1 0
backend/internal/repository/quota_repository.go:294.2,301.16 3 0
backend/internal/repository/quota_repository.go:301.16,303.3 1 0
backend/internal/repository/quota_repository.go:305.2,313.16 4 0
backend/internal/repository/quota_repository.go:313.16,315.3 1 0
backend/internal/repository/quota_repository.go:317.2,321.16 2 0
backend/internal/repository/quota_repository.go:321.16,323.3 1 0
backend/internal/repository/quota_repository.go:325.2,325.20 1 0
backend/internal/repository/quota_repository.go:328.112,330.2 1 0
backend/internal/repository/quota_repository.go:332.114,335.35 3 1
backend/internal/repository/quota_repository.go:335.35,337.3 1 0
backend/internal/repository/quota_repository.go:338.2,338.17 1 1
backend/internal/repository/quota_repository.go:341.113,355.16 3 1
backend/internal/repository/quota_repository.go:355.16,357.3 1 0
backend/internal/repository/quota_repository.go:358.2,361.18 3 1
backend/internal/repository/quota_repository.go:361.18,365.17 4 1
backend/internal/repository/quota_repository.go:365.17,367.4 1 0
backend/internal/repository/quota_repository.go:368.3,370.31 3 1
backend/internal/repository/quota_repository.go:370.31,372.4 1 0
backend/internal/repository/quota_repository.go:373.3,376.27 3 1
backend/internal/repository/quota_repository.go:376.27,378.4 1 0
backend/internal/repository/quota_repository.go:379.3,381.26 2 1
backend/internal/repository/quota_repository.go:383.2,383.25 1 1
backend/internal/repository/quota_repository.go:386.122,395.16 3 1
backend/internal/repository/quota_repository.go:395.16,397.3 1 0
backend/internal/repository/quota_repository.go:398.2,401.18 3 1
backend/internal/repository/quota_repository.go:401.18,403.134 2 1
backend/internal/repository/quota_repository.go:403.134,405.4 1 0
backend/internal/repository/quota_repository.go:406.3,407.29 2 1
backend/internal/repository/quota_repository.go:407.29,409.4 1 0
backend/internal/repository/quota_repository.go:410.3,410.28 1 1
backend/internal/repository/quota_repository.go:412.2,412.25 1 1
backend/internal/repository/ticket_repository.go:35.55,37.2 1 1
backend/internal/repository/ticket_repository.go:39.82,41.2 1 1
backend/internal/repository/ticket_repository.go:43.92,51.2 2 0
backend/internal/repository/ticket_repository.go:53.106,61.2 2 1
backend/internal/repository/ticket_repository.go:63.108,77.2 2 1
backend/internal/repository/ticket_repository.go:108.100,111.2 2 1
backend/internal/repository/ticket_repository.go:113.114,116.2 2 1
backend/internal/repository/ticket_repository.go:118.112,121.2 2 1
backend/internal/repository/ticket_repository.go:123.126,126.2 2 1
backend/internal/repository/ticket_repository.go:128.110,131.2 2 1
backend/internal/repository/ticket_repository.go:133.124,136.2 2 1
backend/internal/repository/ticket_repository.go:138.103,143.2 4 1
backend/internal/repository/ticket_repository.go:145.135,149.2 3 1
backend/internal/repository/ticket_repository.go:151.185,154.16 3 1
backend/internal/repository/ticket_repository.go:154.16,156.3 1 0
backend/internal/repository/ticket_repository.go:157.2,158.16 2 1
backend/internal/repository/ticket_repository.go:158.16,160.3 1 0
backend/internal/repository/ticket_repository.go:161.2,161.15 1 1
backend/internal/repository/ticket_repository.go:161.15,163.3 1 1
backend/internal/repository/ticket_repository.go:164.2,164.12 1 1
backend/internal/repository/ticket_repository.go:167.122,175.2 2 1
backend/internal/repository/ticket_repository.go:181.88,197.35 7 1
backend/internal/repository/ticket_repository.go:197.35,199.3 1 0
backend/internal/repository/ticket_repository.go:200.2,200.16 1 1
backend/internal/repository/ticket_repository.go:200.16,202.3 1 0
backend/internal/repository/ticket_repository.go:203.2,205.22 3 1
backend/internal/repository/ticket_repository.go:205.22,207.3 1 0
backend/internal/repository/ticket_repository.go:208.2,208.24 1 1
backend/internal/repository/ticket_repository.go:208.24,210.3 1 0
backend/internal/repository/ticket_repository.go:211.2,211.21 1 1
backend/internal/repository/ticket_repository.go:211.21,213.3 1 0
backend/internal/repository/ticket_repository.go:214.2,214.23 1 1
backend/internal/repository/ticket_repository.go:214.23,216.3 1 0
backend/internal/repository/ticket_repository.go:217.2,217.15 1 1
backend/internal/repository/ticket_repository.go:220.112,222.16 2 1
backend/internal/repository/ticket_repository.go:222.16,224.3 1 0
backend/internal/repository/ticket_repository.go:225.2,228.18 3 1
backend/internal/repository/ticket_repository.go:228.18,230.17 2 1
backend/internal/repository/ticket_repository.go:230.17,232.4 1 0
backend/internal/repository/ticket_repository.go:233.3,233.31 1 1
backend/internal/repository/ticket_repository.go:235.2,235.28 1 1
backend/internal/repository/ticket_repository.go:238.114,241.20 3 1
backend/internal/repository/ticket_repository.go:241.20,244.3 2 1
backend/internal/repository/ticket_repository.go:246.2,246.46 1 1
backend/internal/repository/ticket_repository.go:246.46,248.44 2 1
backend/internal/repository/ticket_repository.go:248.44,249.12 1 0
backend/internal/repository/ticket_repository.go:251.3,251.19 1 1
backend/internal/repository/ticket_repository.go:253.2,253.17 1 0
backend/internal/repository/ticket_repository.go:256.59,257.33 1 1
backend/internal/repository/ticket_repository.go:257.33,259.3 1 1
backend/internal/repository/ticket_repository.go:260.2,261.94 2 0
backend/internal/repository/token_repository.go:23.53,25.2 1 1
backend/internal/repository/token_repository.go:27.105,35.2 2 1
backend/internal/repository/token_repository.go:37.114,45.35 4 1
backend/internal/repository/token_repository.go:45.35,47.3 1 0
backend/internal/repository/token_repository.go:48.2,48.15 1 1
backend/internal/repository/token_repository.go:51.92,55.2 3 1
backend/internal/repository/token_repository.go:57.97,61.2 3 1
backend/internal/repository/user_repository.go:27.51,29.2 1 1
backend/internal/repository/user_repository.go:31.84,39.2 2 1
backend/internal/repository/user_repository.go:41.96,49.35 4 1
backend/internal/repository/user_repository.go:49.35,51.3 1 0
backend/internal/repository/user_repository.go:52.2,52.15 1 1
backend/internal/repository/user_repository.go:55.102,63.35 4 1
backend/internal/repository/user_repository.go:63.35,65.3 1 1
backend/internal/repository/user_repository.go:66.2,66.15 1 1
backend/internal/repository/user_repository.go:69.108,77.35 4 1
backend/internal/repository/user_repository.go:77.35,79.3 1 1
backend/internal/repository/user_repository.go:80.2,80.15 1 1
backend/internal/repository/user_repository.go:84.130,87.16 2 1
backend/internal/repository/user_repository.go:87.16,89.3 1 1
backend/internal/repository/user_repository.go:91.2,92.16 2 1
backend/internal/repository/user_repository.go:92.16,94.45 1 0
backend/internal/repository/user_repository.go:94.45,97.4 2 0
backend/internal/repository/user_repository.go:98.3,98.23 1 0
backend/internal/repository/user_repository.go:102.2,110.47 2 1
backend/internal/repository/user_repository.go:110.47,112.3 1 0
backend/internal/repository/user_repository.go:114.2,114.27 1 1
backend/internal/repository/user_repository.go:117.84,125.2 3 1
backend/internal/repository/user_repository.go:127.84,133.16 3 1
backend/internal/repository/user_repository.go:133.16,135.3 1 0
backend/internal/repository/user_repository.go:136.2,139.18 3 1
backend/internal/repository/user_repository.go:139.18,141.122 2 1
backend/internal/repository/user_repository.go:141.122,143.4 1 0
backend/internal/repository/user_repository.go:144.3,144.27 1 1
backend/internal/repository/user_repository.go:146.2,146.26 1 1
backend/internal/repository/user_repository.go:149.98,157.2 3 1
backend/internal/services/auth_service.go:34.107,39.2 1 1
backend/internal/services/auth_service.go:41.94,42.14 1 1
backend/internal/services/auth_service.go:42.14,44.3 1 1
backend/internal/services/auth_service.go:46.2,47.16 2 1
backend/internal/services/auth_service.go:47.16,49.3 1 1
backend/internal/services/auth_service.go:50.2,50.33 1 1
backend/internal/services/auth_service.go:53.125,54.35 1 1
backend/internal/services/auth_service.go:54.35,56.3 1 1
backend/internal/services/auth_service.go:58.2,59.16 2 1
backend/internal/services/auth_service.go:59.16,61.3 1 0
backend/internal/services/auth_service.go:63.2,63.50 1 1
backend/internal/services/auth_service.go:63.50,69.3 1 1
backend/internal/services/auth_service.go:71.2,71.42 1 1
backend/internal/services/auth_service.go:71.42,73.3 1 1
backend/internal/services/auth_service.go:75.2,76.16 2 1
backend/internal/services/auth_service.go:76.16,78.3 1 0
backend/internal/services/auth_service.go:79.2,81.23 3 1
backend/internal/services/auth_service.go:84.115,85.27 1 1
backend/internal/services/auth_service.go:85.27,87.3 1 1
backend/internal/services/auth_service.go:89.2,91.38 3 1
backend/internal/services/auth_service.go:91.38,93.3 1 1
backend/internal/services/auth_service.go:95.2,95.29 1 1
backend/internal/services/auth_service.go:95.29,99.3 2 1
backend/internal/services/auth_service.go:102.2,102.64 1 1
backend/internal/services/auth_service.go:102.64,104.3 1 0
backend/internal/services/auth_service.go:106.2,107.16 2 1
backend/internal/services/auth_service.go:107.16,109.3 1 0
backend/internal/services/auth_service.go:111.2,111.40 1 1
backend/internal/services/auth_service.go:111.40,113.3 1 0
backend/internal/services/auth_service.go:115.2,115.33 1 1
backend/internal/services/auth_service.go:118.81,119.27 1 1
backend/internal/services/auth_service.go:119.27,121.3 1 0
backend/internal/services/auth_service.go:122.2,123.48 2 1
backend/internal/services/auth_service.go:126.83,128.16 2 1
backend/internal/services/auth_service.go:128.16,130.3 1 0
backend/internal/services/auth_service.go:131.2,132.26 2 1
backend/internal/services/auth_service.go:132.26,134.3 1 1
backend/internal/services/auth_service.go:135.2,135.17 1 1
backend/internal/services/auth_service.go:138.104,139.14 1 1
backend/internal/services/auth_service.go:139.14,141.3 1 0
backend/internal/services/auth_service.go:143.2,143.110 1 1
backend/internal/services/auth_service.go:143.110,145.3 1 0
backend/internal/services/auth_service.go:147.2,148.16 2 1
backend/internal/services/auth_service.go:148.16,150.3 1 0
backend/internal/services/auth_service.go:152.2,153.50 2 1
backend/internal/services/auth_service.go:153.50,155.3 1 0
backend/internal/services/auth_service.go:156.2,156.12 1 1
backend/internal/services/auth_service.go:159.98,160.14 1 1
backend/internal/services/auth_service.go:160.14,162.3 1 0
backend/internal/services/auth_service.go:164.2,164.110 1 1
backend/internal/services/auth_service.go:164.110,166.3 1 0
backend/internal/services/auth_service.go:168.2,169.16 2 1
backend/internal/services/auth_service.go:169.16,171.3 1 0
backend/internal/services/auth_service.go:173.2,174.50 2 1
backend/internal/services/auth_service.go:174.50,176.3 1 0
backend/internal/services/auth_service.go:177.2,177.12 1 1
backend/internal/services/auth_service.go:180.103,182.16 2 1
backend/internal/services/auth_service.go:182.16,184.3 1 0
backend/internal/services/auth_service.go:186.2,187.16 2 1
backend/internal/services/auth_service.go:187.16,189.3 1 0
backend/internal/services/auth_service.go:191.2,198.75 3 1
backend/internal/services/auth_service.go:198.75,200.3 1 0
backend/internal/services/auth_service.go:202.2,208.8 1 1
backend/internal/services/auth_service.go:211.72,219.2 1 1
backend/internal/services/quota_service.go:29.109,34.2 1 1
backend/internal/services/quota_service.go:40.125,41.20 1 1
backend/internal/services/quota_service.go:41.20,43.3 1 1
backend/internal/services/quota_service.go:45.2,46.16 2 1
backend/internal/services/quota_service.go:46.16,48.3 1 1
backend/internal/services/quota_service.go:50.2,51.16 2 1
backend/internal/services/quota_service.go:51.16,53.3 1 0
backend/internal/services/quota_service.go:55.2,56.19 2 1
backend/internal/services/quota_service.go:56.19,58.3 1 0
backend/internal/services/quota_service.go:60.2,61.23 2 1
backend/internal/services/quota_service.go:61.23,63.3 1 1
backend/internal/services/quota_service.go:65.2,74.8 1 1
backend/internal/services/quota_service.go:77.109,79.16 2 1
backend/internal/services/quota_service.go:79.16,81.3 1 0
backend/internal/services/quota_service.go:83.2,84.19 2 1
backend/internal/services/quota_service.go:84.19,86.3 1 0
backend/internal/services/quota_service.go:88.2,92.8 1 1
backend/internal/services/quota_service.go:95.113,96.20 1 1
backend/internal/services/quota_service.go:96.20,98.3 1 1
backend/internal/services/quota_service.go:99.2,99.18 1 1
backend/internal/services/quota_service.go:99.18,101.3 1 1
backend/internal/services/quota_service.go:102.2,102.69 1 1
backend/internal/services/quota_service.go:105.117,106.20 1 1
backend/internal/services/quota_service.go:106.20,108.3 1 1
backend/internal/services/quota_service.go:109.2,109.18 1 1
backend/internal/services/quota_service.go:109.18,111.3 1 1
backend/internal/services/quota_service.go:112.2,112.73 1 1
backend/internal/services/quota_service.go:115.108,116.18 1 1
backend/internal/services/quota_service.go:116.18,118.3 1 1
backend/internal/services/quota_service.go:119.2,119.71 1 1
backend/internal/services/quota_service.go:122.101,123.19 1 1
backend/internal/services/quota_service.go:123.19,125.3 1 1
backend/internal/services/quota_service.go:126.2,126.68 1 1
backend/internal/services/quota_service.go:129.108,131.16 2 1
backend/internal/services/quota_service.go:131.16,133.3 1 0
backend/internal/services/quota_service.go:134.2,137.8 1 1
backend/internal/services/quota_service.go:140.128,141.16 1 1
backend/internal/services/quota_service.go:141.16,143.3 1 0
backend/internal/services/quota_service.go:144.2,144.39 1 1
backend/internal/services/quota_service.go:144.39,146.3 1 1
backend/internal/services/quota_service.go:147.2,147.37 1 1
backend/internal/services/quota_service.go:147.37,148.105 1 1
backend/internal/services/quota_service.go:148.105,150.4 1 0
backend/internal/services/quota_service.go:152.2,152.33 1 1
backend/internal/services/quota_service.go:152.33,153.97 1 0
backend/internal/services/quota_service.go:153.97,155.4 1 0
backend/internal/services/quota_service.go:157.2,157.12 1 1
backend/internal/services/quota_service.go:160.108,162.16 2 1
backend/internal/services/quota_service.go:162.16,164.3 1 0
backend/internal/services/quota_service.go:166.2,167.16 2 1
backend/internal/services/quota_service.go:167.16,169.3 1 0
backend/internal/services/quota_service.go:171.2,172.16 2 1
backend/internal/services/quota_service.go:172.16,174.3 1 0
backend/internal/services/quota_service.go:176.2,177.16 2 1
backend/internal/services/quota_service.go:177.16,179.3 1 0
backend/internal/services/quota_service.go:181.2,182.35 2 1
backend/internal/services/quota_service.go:182.35,183.29 1 0
backend/internal/services/quota_service.go:183.29,185.4 1 0
backend/internal/services/quota_service.go:188.2,195.8 1 1
backend/internal/services/quota_service.go:198.102,200.16 2 1
backend/internal/services/quota_service.go:200.16,202.3 1 0
backend/internal/services/quota_service.go:204.2,205.35 2 1
backend/internal/services/quota_service.go:205.35,206.29 1 0
backend/internal/services/quota_service.go:206.29,208.4 1 0
backend/internal/services/quota_service.go:210.2,210.23 1 1
backend/internal/services/ticket_service.go:51.17,53.37 2 1
backend/internal/services/ticket_service.go:53.37,55.3 1 0
backend/internal/services/ticket_service.go:55.8,57.3 1 1
backend/internal/services/ticket_service.go:58.2,64.3 1 1
backend/internal/services/ticket_service.go:67.135,69.39 1 1
backend/internal/services/ticket_service.go:69.39,71.3 1 1
backend/internal/services/ticket_service.go:73.2,74.16 2 1
backend/internal/services/ticket_service.go:74.16,76.3 1 1
backend/internal/services/ticket_service.go:78.2,79.16 2 1
backend/internal/services/ticket_service.go:79.16,81.3 1 0
backend/internal/services/ticket_service.go:83.2,84.16 2 1
backend/internal/services/ticket_service.go:84.16,86.3 1 0
backend/internal/services/ticket_service.go:88.2,89.16 2 1
backend/internal/services/ticket_service.go:89.16,91.3 1 0
backend/internal/services/ticket_service.go:93.2,94.16 2 1
backend/internal/services/ticket_service.go:94.16,96.3 1 1
backend/internal/services/ticket_service.go:97.2,97.15 1 1
backend/internal/services/ticket_service.go:97.15,99.3 1 0
backend/internal/services/ticket_service.go:101.2,107.67 2 1
backend/internal/services/ticket_service.go:107.67,109.3 1 0
backend/internal/services/ticket_service.go:111.2,112.16 2 1
backend/internal/services/ticket_service.go:112.16,114.3 1 1
backend/internal/services/ticket_service.go:116.2,117.44 2 1
backend/internal/services/ticket_service.go:117.44,119.3 1 0
backend/internal/services/ticket_service.go:121.2,133.69 2 1
backend/internal/services/ticket_service.go:133.69,135.3 1 0
backend/internal/services/ticket_service.go:137.2,137.15 1 1
backend/internal/services/ticket_service.go:137.15,138.37 1 0
backend/internal/services/ticket_service.go:138.37,140.4 1 0
backend/internal/services/ticket_service.go:143.2,147.40 4 1
backend/internal/services/ticket_service.go:150.111,151.17 1 1
backend/internal/services/ticket_service.go:151.17,153.3 1 0
backend/internal/services/ticket_service.go:155.2,156.63 2 1
backend/internal/services/ticket_service.go:156.63,157.57 1 0
backend/internal/services/ticket_service.go:157.57,159.4 1 0
backend/internal/services/ticket_service.go:162.2,163.16 2 1
backend/internal/services/ticket_service.go:163.16,165.3 1 1
backend/internal/services/ticket_service.go:167.2,187.18 5 1
backend/internal/services/ticket_service.go:190.141,191.39 1 1
backend/internal/services/ticket_service.go:191.39,193.3 1 0
backend/internal/services/ticket_service.go:195.2,196.16 2 1
backend/internal/services/ticket_service.go:196.16,198.3 1 0
backend/internal/services/ticket_service.go:199.2,199.15 1 1
backend/internal/services/ticket_service.go:199.15,201.3 1 0
backend/internal/services/ticket_service.go:203.2,204.16 2 1
backend/internal/services/ticket_service.go:204.16,206.3 1 0
backend/internal/services/ticket_service.go:208.2,210.16 3 1
backend/internal/services/ticket_service.go:210.16,212.3 1 1
backend/internal/services/ticket_service.go:214.2,214.107 1 1
backend/internal/services/ticket_service.go:214.107,215.47 1 0
backend/internal/services/ticket_service.go:215.47,217.4 1 0
backend/internal/services/ticket_service.go:218.3,218.77 1 0
backend/internal/services/ticket_service.go:221.2,228.77 2 1
backend/internal/services/ticket_service.go:228.77,230.3 1 0
backend/internal/services/ticket_service.go:232.2,232.15 1 1
backend/internal/services/ticket_service.go:232.15,233.37 1 0
backend/internal/services/ticket_service.go:233.37,235.4 1 0
backend/internal/services/ticket_service.go:238.2,243.40 5 1
backend/internal/services/ticket_service.go:246.166,249.15 2 1
backend/internal/services/ticket_service.go:250.36,252.19 2 1
backend/internal/services/ticket_service.go:252.19,254.4 1 1
backend/internal/services/ticket_service.go:255.35,257.19 2 1
backend/internal/services/ticket_service.go:257.19,259.4 1 1
backend/internal/services/ticket_service.go:263.88,265.29 2 1
backend/internal/services/ticket_service.go:265.29,267.3 1 1
backend/internal/services/ticket_service.go:268.2,268.11 1 0
backend/internal/services/ticket_service.go:271.139,272.27 1 1
backend/internal/services/ticket_service.go:272.27,274.3 1 1
backend/internal/services/ticket_service.go:274.8,274.36 1 1
backend/internal/services/ticket_service.go:274.36,276.3 1 1
backend/internal/services/ticket_service.go:277.2,277.61 1 0
backend/internal/services/ticket_service.go:280.107,281.49 1 1
backend/internal/services/ticket_service.go:281.49,283.3 1 1
backend/internal/services/ticket_service.go:285.2,285.15 1 1
backend/internal/services/ticket_service.go:286.36,287.50 1 1
backend/internal/services/ticket_service.go:287.50,289.4 1 1
backend/internal/services/ticket_service.go:290.3,290.46 1 1
backend/internal/services/ticket_service.go:292.35,293.54 1 1
backend/internal/services/ticket_service.go:293.54,295.4 1 1
backend/internal/services/ticket_service.go:296.3,296.55 1 1
backend/internal/services/ticket_service.go:296.55,298.4 1 1
backend/internal/services/ticket_service.go:299.3,299.45 1 1
backend/internal/services/ticket_service.go:302.2,302.70 1 0
backend/internal/services/ticket_service.go:305.115,306.20 1 1
backend/internal/services/ticket_service.go:306.20,308.3 1 0
backend/internal/services/ticket_service.go:310.2,311.16 2 1
backend/internal/services/ticket_service.go:311.16,313.3 1 0
backend/internal/services/ticket_service.go:314.2,314.15 1 1
backend/internal/services/ticket_service.go:314.15,316.3 1 0
backend/internal/services/ticket_service.go:318.2,319.16 2 1
backend/internal/services/ticket_service.go:319.16,321.3 1 1
backend/internal/services/ticket_service.go:323.2,323.49 1 1
backend/internal/services/ticket_service.go:323.49,325.3 1 1
backend/internal/services/ticket_service.go:327.2,330.84 3 1
backend/internal/services/ticket_service.go:330.84,332.3 1 0
backend/internal/services/ticket_service.go:334.2,334.98 1 1
backend/internal/services/ticket_service.go:334.98,335.98 1 0
backend/internal/services/ticket_service.go:335.98,337.4 1 0
backend/internal/services/ticket_service.go:340.2,348.77 2 1
backend/internal/services/ticket_service.go:348.77,350.3 1 0
backend/internal/services/ticket_service.go:352.2,352.15 1 1
backend/internal/services/ticket_service.go:352.15,353.37 1 0
backend/internal/services/ticket_service.go:353.37,355.4 1 0
backend/internal/services/ticket_service.go:358.2,361.12 3 1
backend/internal/services/ticket_service.go:364.80,384.21 2 1
backend/internal/services/ticket_service.go:384.21,392.3 1 1
backend/internal/services/ticket_service.go:393.2,393.12 1 1
backend/internal/services/ticket_service.go:396.54,399.16 3 1
backend/internal/services/ticket_service.go:399.16,401.3 1 0
backend/internal/services/ticket_service.go:402.2,402.35 1 1
backend/internal/services/ticket_service.go:405.43,407.16 2 1
backend/internal/services/ticket_service.go:407.16,409.3 1 0
backend/internal/services/ticket_service.go:410.2,410.44 1 1
backend/internal/services/ticket_service.go:413.87,414.27 1 1
backend/internal/services/ticket_service.go:414.27,416.17 2 1
backend/internal/services/ticket_service.go:416.17,418.4 1 0
backend/internal/services/ticket_service.go:419.3,420.17 2 1
backend/internal/services/ticket_service.go:420.17,422.4 1 0
backend/internal/services/ticket_service.go:423.3,423.14 1 1
backend/internal/services/ticket_service.go:423.14,425.4 1 1
backend/internal/services/ticket_service.go:427.2,427.84 1 0
backend/internal/services/ticket_service.go:430.98,432.63 2 1
backend/internal/services/ticket_service.go:432.63,433.58 1 0
backend/internal/services/ticket_service.go:433.58,435.4 1 0
backend/internal/services/ticket_service.go:438.2,439.16 2 1
backend/internal/services/ticket_service.go:439.16,441.3 1 0
backend/internal/services/ticket_service.go:443.2,449.20 3 1
backend/internal/services/ticket_service.go:452.143,453.39 1 1
backend/internal/services/ticket_service.go:453.39,455.3 1 0
backend/internal/services/ticket_service.go:457.2,458.16 2 1
backend/internal/services/ticket_service.go:458.16,460.3 1 0
backend/internal/services/ticket_service.go:462.2,462.36 1 1
backend/internal/services/ticket_service.go:462.36,464.3 1 1
backend/internal/services/ticket_service.go:466.2,466.83 1 1
backend/internal/services/ticket_service.go:466.83,468.3 1 0
backend/internal/services/ticket_service.go:470.2,475.8 2 1
backend/internal/services/ticket_service.go:478.106,480.63 2 1
backend/internal/services/ticket_service.go:480.63,481.53 1 0
backend/internal/services/ticket_service.go:481.53,483.4 1 0
backend/internal/services/ticket_service.go:486.2,487.16 2 1
backend/internal/services/ticket_service.go:487.16,489.3 1 0
backend/internal/services/ticket_service.go:491.2,492.28 2 1
backend/internal/services/ticket_service.go:492.28,494.3 1 1
backend/internal/services/ticket_service.go:496.2,497.22 2 1
backend/internal/services/ticket_service.go:500.195,501.47 1 1
backend/internal/services/ticket_service.go:501.47,503.17 2 1
backend/internal/services/ticket_service.go:503.17,505.4 1 1
backend/internal/services/ticket_service.go:506.3,506.17 1 1
backend/internal/services/ticket_service.go:508.2,508.40 1 1
backend/internal/models/buyer.go:14.33,16.2 1 1
backend/internal/models/errors.go:30.35,31.18 1 1
backend/internal/models/errors.go:31.18,33.3 1 1
backend/internal/models/errors.go:34.2,34.18 1 1
backend/internal/models/errors.go:37.35,39.2 1 1
backend/internal/models/errors.go:41.73,48.2 1 1
backend/internal/models/errors.go:50.62,52.2 1 1
backend/internal/models/errors.go:54.64,56.2 1 1
backend/internal/models/errors.go:58.60,60.2 1 1
backend/internal/models/errors.go:62.61,64.2 1 1
backend/internal/models/errors.go:66.60,68.2 1 1
backend/internal/models/errors.go:70.60,72.2 1 1
backend/internal/models/price.go:14.39,16.2 1 1
backend/internal/models/quota.go:21.39,23.2 1 1
backend/internal/models/quota.go:32.43,34.2 1 1
backend/internal/models/quota.go:46.41,48.2 1 1
backend/internal/models/quota.go:57.46,59.2 1 1
backend/internal/models/ticket.go:60.34,62.2 1 1
backend/internal/models/token.go:14.40,16.2 1 1
backend/internal/models/token.go:18.40,20.2 1 1
backend/internal/models/user.go:32.32,34.2 1 1
backend/internal/models/validation.go:24.44,26.2 1 1
backend/internal/database/db.go:14.48,16.18 2 1
backend/internal/database/db.go:16.18,18.3 1 1
backend/internal/database/db.go:19.2,20.28 2 1
backend/internal/database/db.go:20.28,22.3 1 1
backend/internal/database/db.go:23.2,23.12 1 1
backend/internal/database/db.go:27.73,29.18 2 1
backend/internal/database/db.go:29.18,31.3 1 1
backend/internal/database/db.go:32.2,33.26 2 1
backend/internal/database/db.go:33.26,35.3 1 1
backend/internal/database/db.go:36.2,36.10 1 1
backend/internal/database/db.go:40.45,41.15 1 1
backend/internal/database/db.go:41.15,43.3 1 1
backend/internal/database/db.go:45.2,46.16 2 1
backend/internal/database/db.go:46.16,48.3 1 0
backend/internal/database/db.go:50.2,60.34 9 1
backend/internal/database/db.go:60.34,62.3 1 1
backend/internal/database/db.go:64.2,64.16 1 0
backend/internal/routes/routes.go:26.49,29.86 2 1
backend/internal/routes/routes.go:29.86,31.3 1 1
backend/internal/routes/routes.go:33.2,45.16 10 1
backend/internal/routes/routes.go:48.98,53.33 3 1
backend/internal/routes/routes.go:53.33,55.3 1 1
backend/internal/routes/routes.go:55.8,57.3 1 1
backend/internal/routes/routes.go:59.2,59.31 1 1
backend/internal/routes/routes.go:59.31,63.3 3 1
backend/internal/routes/routes.go:63.8,67.3 3 1
backend/internal/routes/routes.go:70.68,71.25 1 1
backend/internal/routes/routes.go:71.25,73.3 1 1
backend/internal/routes/routes.go:75.2,78.33 3 1
backend/internal/routes/routes.go:78.33,85.3 6 1
backend/internal/routes/routes.go:87.2,87.32 1 1
backend/internal/routes/routes.go:87.32,95.3 7 1
backend/internal/routes/routes.go:97.2,97.31 1 1
backend/internal/routes/routes.go:97.31,101.3 3 1
backend/internal/routes/routes.go:104.37,113.21 3 1
backend/internal/routes/routes.go:113.21,115.3 1 1
backend/internal/routes/routes.go:117.2,117.50 1 1
backend/internal/routes/routes.go:117.50,118.53 1 1
backend/internal/routes/routes.go:118.53,120.4 1 1
backend/internal/routes/routes.go:122.2,122.23 1 1
backend/internal/views/json_view.go:16.30,18.2 1 1
backend/internal/views/json_view.go:21.95,25.2 3 1
backend/internal/views/json_view.go:28.101,34.2 1 1
backend/internal/views/json_view.go:37.92,39.29 2 1
backend/internal/views/json_view.go:39.29,41.20 2 1
backend/internal/views/json_view.go:41.20,43.4 1 1
backend/internal/views/json_view.go:46.2,47.16 2 1
backend/internal/views/json_view.go:47.16,50.3 2 1
backend/internal/views/json_view.go:52.2,56.4 1 1
backend/internal/views/json_view.go:60.83,66.2 1 1
backend/cmd/migrate/main.go:14.13,21.15 5 0
backend/cmd/migrate/main.go:21.15,23.3 1 0
backend/cmd/migrate/main.go:25.2,27.16 3 0
backend/cmd/migrate/main.go:27.16,29.3 1 0
backend/cmd/migrate/main.go:32.2,47.16 4 0
backend/cmd/migrate/main.go:47.16,49.3 1 0
backend/cmd/migrate/main.go:52.2,78.51 13 0
backend/cmd/migrate/main.go:78.51,80.3 1 0
backend/cmd/migrate/main.go:82.2,82.66 1 0
backend/cmd/server/main.go:32.49,33.15 1 0
backend/cmd/server/main.go:33.15,35.28 2 0
backend/cmd/server/main.go:35.29,35.90 0 0
backend/cmd/server/main.go:38.2,39.16 2 0
backend/cmd/server/main.go:39.16,41.28 2 0
backend/cmd/server/main.go:41.29,41.90 0 0
backend/cmd/server/main.go:44.2,57.22 6 0
backend/cmd/server/main.go:57.22,59.3 1 0
backend/cmd/server/main.go:60.2,62.103 2 0
backend/cmd/server/main.go:62.103,64.3 1 0
backend/cmd/server/main.go:64.8,67.3 1 0
backend/cmd/server/main.go:69.2,69.19 1 0
backend/cmd/server/main.go:69.19,70.36 1 0
backend/cmd/server/main.go:70.36,72.4 1 0
backend/cmd/server/main.go:76.13,79.16 2 0
backend/cmd/server/main.go:79.16,81.3 1 0
backend/cmd/server/main.go:82.2,90.16 6 0
backend/cmd/server/main.go:90.16,92.3 1 0
backend/cmd/server/main.go:93.2,107.112 10 0
backend/cmd/server/main.go:107.112,115.3 6 0
backend/cmd/server/main.go:117.2,137.12 5 0
backend/cmd/server/main.go:137.12,140.90 2 0
backend/cmd/server/main.go:140.90,142.4 1 0
backend/cmd/server/main.go:145.2,151.45 5 0
backend/cmd/server/main.go:151.45,153.3 1 0
backend/cmd/server/main.go:155.2,155.39 1 0
backend/internal/controllers/auth_controller.go:23.100,28.2 1 1
backend/internal/controllers/auth_controller.go:30.78,32.61 2 1
backend/internal/controllers/auth_controller.go:32.61,35.3 2 1
backend/internal/controllers/auth_controller.go:37.2,37.39 1 1
backend/internal/controllers/auth_controller.go:37.39,40.3 2 0
backend/internal/controllers/auth_controller.go:42.2,44.32 3 1
backend/internal/controllers/auth_controller.go:44.32,47.3 2 1
backend/internal/controllers/auth_controller.go:49.2,53.16 4 0
backend/internal/controllers/auth_controller.go:53.16,55.3 1 0
backend/internal/controllers/auth_controller.go:57.2,58.16 2 0
backend/internal/controllers/auth_controller.go:58.16,61.3 2 0
backend/internal/controllers/auth_controller.go:63.2,63.46 1 0
backend/internal/controllers/auth_controller.go:63.46,66.22 3 0
backend/internal/controllers/auth_controller.go:66.22,69.4 2 0
backend/internal/controllers/auth_controller.go:70.3,71.9 2 0
backend/internal/controllers/auth_controller.go:74.2,75.69 2 0
backend/internal/controllers/auth_controller.go:78.74,80.38 2 1
backend/internal/controllers/auth_controller.go:80.38,83.3 2 1
backend/internal/controllers/auth_controller.go:85.2,86.16 2 1
backend/internal/controllers/auth_controller.go:86.16,90.3 3 1
backend/internal/controllers/auth_controller.go:92.2,93.81 2 1
backend/internal/controllers/auth_controller.go:96.73,97.80 1 1
backend/internal/controllers/auth_controller.go:97.80,99.3 1 1
backend/internal/controllers/auth_controller.go:101.2,102.70 2 1
backend/internal/controllers/auth_controller.go:105.76,107.16 2 1
backend/internal/controllers/auth_controller.go:107.16,110.3 2 0
backend/internal/controllers/auth_controller.go:111.2,111.77 1 1
backend/internal/controllers/auth_controller.go:114.83,116.18 2 1
backend/internal/controllers/auth_controller.go:116.18,119.3 2 1
backend/internal/controllers/auth_controller.go:121.2,122.61 2 1
backend/internal/controllers/auth_controller.go:122.61,125.3 2 0
backend/internal/controllers/auth_controller.go:127.2,127.39 1 1
backend/internal/controllers/auth_controller.go:127.39,130.3 2 0
backend/internal/controllers/auth_controller.go:132.2,132.88 1 1
backend/internal/controllers/auth_controller.go:132.88,135.3 2 0
backend/internal/controllers/auth_controller.go:137.2,137.79 1 1
backend/internal/controllers/auth_controller.go:140.81,142.18 2 1
backend/internal/controllers/auth_controller.go:142.18,145.3 2 1
backend/internal/controllers/auth_controller.go:147.2,148.61 2 1
backend/internal/controllers/auth_controller.go:148.61,151.3 2 0
backend/internal/controllers/auth_controller.go:153.2,153.39 1 1
backend/internal/controllers/auth_controller.go:153.39,156.3 2 0
backend/internal/controllers/auth_controller.go:158.2,158.84 1 1
backend/internal/controllers/auth_controller.go:158.84,161.3 2 0
backend/internal/controllers/auth_controller.go:163.2,163.77 1 1
backend/internal/controllers/auth_controller.go:166.92,177.2 1 1
backend/internal/controllers/auth_controller.go:179.73,190.2 1 1
backend/internal/controllers/health_controller.go:18.66,23.2 1 1
backend/internal/controllers/health_controller.go:29.75,42.2 3 1
backend/internal/controllers/quota_controller.go:18.104,23.2 1 1
backend/internal/controllers/quota_controller.go:25.82,27.20 2 1
backend/internal/controllers/quota_controller.go:27.20,30.3 2 1
backend/internal/controllers/quota_controller.go:32.2,33.16 2 1
backend/internal/controllers/quota_controller.go:33.16,36.3 2 0
backend/internal/controllers/quota_controller.go:38.2,38.86 1 1
backend/internal/controllers/quota_controller.go:41.86,43.16 2 1
backend/internal/controllers/quota_controller.go:43.16,46.3 2 1
backend/internal/controllers/quota_controller.go:48.2,48.91 1 1
backend/internal/controllers/quota_controller.go:51.46,53.2 1 1
backend/internal/controllers/quota_controller.go:55.119,56.36 1 1
backend/internal/controllers/quota_controller.go:56.36,58.3 1 1
backend/internal/controllers/quota_controller.go:59.2,59.83 1 0
backend/internal/controllers/quota_controller.go:62.115,63.36 1 1
backend/internal/controllers/quota_controller.go:63.36,65.3 1 0
backend/internal/controllers/quota_controller.go:66.2,66.75 1 1
backend/internal/controllers/quota_controller.go:69.79,71.19 2 1
backend/internal/controllers/quota_controller.go:71.19,73.3 1 0
backend/internal/controllers/quota_controller.go:75.2,76.61 2 1
backend/internal/controllers/quota_controller.go:76.61,79.3 2 0
backend/internal/controllers/quota_controller.go:81.2,81.39 1 1
backend/internal/controllers/quota_controller.go:81.39,84.3 2 1
backend/internal/controllers/quota_controller.go:86.2,87.23 2 1
backend/internal/controllers/quota_controller.go:88.18,89.58 1 1
backend/internal/controllers/quota_controller.go:90.14,91.54 1 1
backend/internal/controllers/quota_controller.go:94.2,94.16 1 1
backend/internal/controllers/quota_controller.go:94.16,97.3 2 0
backend/internal/controllers/quota_controller.go:99.2,99.73 1 1
backend/internal/controllers/quota_controller.go:102.89,104.16 2 1
backend/internal/controllers/quota_controller.go:104.16,107.3 2 1
backend/internal/controllers/quota_controller.go:108.2,108.91 1 1
backend/internal/controllers/quota_controller.go:111.92,113.19 2 1
backend/internal/controllers/quota_controller.go:113.19,115.3 1 0
backend/internal/controllers/quota_controller.go:117.2,118.61 2 1
backend/internal/controllers/quota_controller.go:118.61,121.3 2 0
backend/internal/controllers/quota_controller.go:123.2,123.39 1 1
backend/internal/controllers/quota_controller.go:123.39,126.3 2 0
backend/internal/controllers/quota_controller.go:128.2,128.92 1 1
backend/internal/controllers/quota_controller.go:128.92,131.3 2 0
backend/internal/controllers/quota_controller.go:133.2,133.90 1 1
backend/internal/controllers/quota_controller.go:136.89,138.16 2 1
backend/internal/controllers/quota_controller.go:138.16,141.3 2 1
backend/internal/controllers/quota_controller.go:142.2,142.95 1 1
backend/internal/controllers/quota_controller.go:145.87,147.16 2 1
backend/internal/controllers/quota_controller.go:147.16,150.3 2 1
backend/internal/controllers/quota_controller.go:151.2,151.93 1 1
backend/internal/controllers/ticket_controller.go:24.108,29.2 1 1
backend/internal/controllers/ticket_controller.go:31.81,33.80 2 1
backend/internal/controllers/ticket_controller.go:33.80,35.3 1 0
backend/internal/controllers/ticket_controller.go:35.8,37.3 1 1
backend/internal/controllers/ticket_controller.go:39.2,39.20 1 1
backend/internal/controllers/ticket_controller.go:39.20,42.3 2 1
backend/internal/controllers/ticket_controller.go:44.2,45.61 2 1
backend/internal/controllers/ticket_controller.go:45.61,48.3 2 1
backend/internal/controllers/ticket_controller.go:50.2,50.39 1 1
backend/internal/controllers/ticket_controller.go:50.39,53.3 2 0
backend/internal/controllers/ticket_controller.go:55.2,56.16 2 1
backend/internal/controllers/ticket_controller.go:56.16,59.3 2 0
backend/internal/controllers/ticket_controller.go:61.2,61.77 1 1
backend/internal/controllers/ticket_controller.go:64.80,70.80 4 1
backend/internal/controllers/ticket_controller.go:70.80,73.3 2 1
backend/internal/controllers/ticket_controller.go:73.8,75.3 1 1
backend/internal/controllers/ticket_controller.go:77.2,77.20 1 1
backend/internal/controllers/ticket_controller.go:77.20,80.3 2 1
backend/internal/controllers/ticket_controller.go:83.2,83.14 1 1
backend/internal/controllers/ticket_controller.go:83.14,85.3 1 1
backend/internal/controllers/ticket_controller.go:87.2,88.16 2 1
backend/internal/controllers/ticket_controller.go:88.16,91.3 2 0
backend/internal/controllers/ticket_controller.go:93.2,93.81 1 1
backend/internal/controllers/ticket_controller.go:96.84,98.17 2 1
backend/internal/controllers/ticket_controller.go:98.17,101.3 2 1
backend/internal/controllers/ticket_controller.go:103.2,104.16 2 1
backend/internal/controllers/ticket_controller.go:104.16,107.3 2 0
backend/internal/controllers/ticket_controller.go:109.2,109.92 1 1
backend/internal/controllers/ticket_controller.go:112.83,114.80 2 1
backend/internal/controllers/ticket_controller.go:114.80,116.3 1 1
backend/internal/controllers/ticket_controller.go:116.8,118.3 1 1
backend/internal/controllers/ticket_controller.go:120.2,120.22 1 1
backend/internal/controllers/ticket_controller.go:120.22,123.3 2 1
backend/internal/controllers/ticket_controller.go:125.2,126.61 2 1
backend/internal/controllers/ticket_controller.go:126.61,129.3 2 0
backend/internal/controllers/ticket_controller.go:131.2,131.39 1 1
backend/internal/controllers/ticket_controller.go:131.39,134.3 2 0
backend/internal/controllers/ticket_controller.go:136.2,137.16 2 1
backend/internal/controllers/ticket_controller.go:137.16,140.3 2 1
backend/internal/controllers/ticket_controller.go:142.2,142.79 1 1
backend/internal/controllers/ticket_controller.go:145.80,147.80 2 1
backend/internal/controllers/ticket_controller.go:147.80,149.3 1 1
backend/internal/controllers/ticket_controller.go:149.8,151.3 1 1
backend/internal/controllers/ticket_controller.go:153.2,153.22 1 1
backend/internal/controllers/ticket_controller.go:153.22,156.3 2 0
backend/internal/controllers/ticket_controller.go:158.2,159.20 2 1
backend/internal/controllers/ticket_controller.go:159.20,162.3 2 0
backend/internal/controllers/ticket_controller.go:164.2,169.99 3 1
backend/internal/controllers/ticket_controller.go:169.99,172.3 2 1
backend/internal/controllers/ticket_controller.go:174.2,174.75 1 1
backend/internal/controllers/ticket_controller.go:177.78,179.16 2 1
backend/internal/controllers/ticket_controller.go:179.16,182.3 2 1
backend/internal/controllers/ticket_controller.go:183.2,183.93 1 1
backend/internal/controllers/ticket_controller.go:186.80,188.80 2 1
backend/internal/controllers/ticket_controller.go:188.80,190.3 1 1
backend/internal/controllers/ticket_controller.go:190.8,192.3 1 1
backend/internal/controllers/ticket_controller.go:194.2,194.19 1 1
backend/internal/controllers/ticket_controller.go:194.19,197.3 2 0
backend/internal/controllers/ticket_controller.go:199.2,200.61 2 1
backend/internal/controllers/ticket_controller.go:200.61,203.3 2 0
backend/internal/controllers/ticket_controller.go:205.2,206.16 2 1
backend/internal/controllers/ticket_controller.go:206.16,209.3 2 1
backend/internal/controllers/ticket_controller.go:211.2,211.89 1 1
backend/tools/gen_test_jwt/main.go:17.13,22.15 4 0
backend/tools/gen_test_jwt/main.go:22.15,24.3 1 0
backend/tools/gen_test_jwt/main.go:26.2,27.16 2 0
backend/tools/gen_test_jwt/main.go:27.16,29.3 1 0
backend/tools/gen_test_jwt/main.go:30.2,34.35 4 0
backend/tools/gen_test_jwt/main.go:34.35,36.3 1 0
backend/tools/gen_test_jwt/main.go:38.2,39.26 2 0
backend/tools/gen_test_jwt/main.go:39.26,40.38 1 0
backend/tools/gen_test_jwt/main.go:40.38,42.9 2 0
backend/tools/gen_test_jwt/main.go:46.2,46.23 1 0
backend/tools/gen_test_jwt/main.go:46.23,48.3 1 0
backend/tools/gen_test_jwt/main.go:50.2,51.16 2 0
backend/tools/gen_test_jwt/main.go:51.16,53.3 1 0
backend/tools/gen_test_jwt/main.go:55.2,55.23 1 0
